success
success
success
failure
success
success
tree size 5
success
failure
failure
failure
success
tree size 7
city5 city6 city1 city10 city2 city4 city0 
found city2
not found
found city5
failure
failure
failure
max 2600
failure
failure
failure
max 2600
failure
failure
failure
max 2600
failure
failure
failure
min 2200
failure
failure
failure
min 2600
failure
failure
failure
min 2200
failure
failure
failure
total 4800
failure
failure
failure
total 2600
failure
failure
failure
total 4100000
