tree size 0
success
tree size 1
Toronto 
success
tree size 0

success
tree size 1
