success
success
success
success
success
success
success
success
success
success
success
success
success
success
success
success
success
success
success
success
success
success
success
success
success
success
success
success
success
success
success
success
success
success
success
success
success
success
success
success
success
success
success
success
success
success
success
success
success
success
success
success
success
success
success
success
success
success
success
success
success
success
success
success
success
success
success
success
success
success
success
success
success
success
success
success
success
success
success
success
success
success
success
success
success
success
success
success
success
success
success
success
success
success
success
success
success
success
success
success
success
success
success
success
success
success
success
success
success
success
success
success
success
success
success
success
success
success
success
success
success
success
success
success
success
success
success
success
success
success
success
success
success
success
success
success
success
success
success
success
success
success
success
success
success
success
success
success
success
success
success
success
success
success
success
success
success
success
success
success
success
success
success
success
success
success
success
success
success
success
success
success
success
success
success
success
success
success
success
success
success
success
success
success
success
success
success
success
success
success
success
success
success
success
success
success
success
success
success
success
success
success
success
success
success
success
success
success
success
success
success
success
success
success
success
success
success
success
success
success
success
success
success
success
success
success
success
success
success
success
success
success
success
success
success
success
success
success
success
success
success
success
success
success
success
success
success
success
success
success
success
success
success
success
success
success
success
success
success
success
success
success
success
success
success
success
success
success
success
success
success
success
success
success
success
success
success
success
success
success
success
success
success
success
success
success
success
success
success
success
success
success
success
success
success
success
success
success
success
success
success
success
success
success
success
success
success
success
success
success
success
success
success
success
success
success
success
success
success
success
success
success
success
success
success
success
success
success
success
success
success
success
success
success
success
success
success
success
success
success
success
success
success
success
success
success
success
success
success
success
success
success
success
success
success
success
success
success
success
success
success
success
success
success
success
success
success
success
success
success
success
success
failure
success
success
success
success
success
success
success
failure
success
success
success
success
success
success
success
success
success
success
success
success
success
success
success
success
success
success
success
success
success
success
success
success
success
success
success
success
success
success
success
success
success
success
success
success
success
success
success
success
success
success
success
success
success
success
success
success
success
success
success
success
success
success
success
success
success
success
success
success
success
success
success
success
success
success
success
success
success
success
success
success
success
success
success
success
success
success
success
success
success
success
success
success
success
success
success
success
success
success
success
success
success
success
success
success
success
success
success
success
success
success
success
success
success
success
success
success
success
success
success
success
success
success
success
success
success
success
success
success
success
success
success
success
success
success
success
success
success
success
success
success
success
success
success
failure
success
success
success
success
success
success
success
success
success
success
success
success
success
success
success
success
success
success
success
success
success
success
success
success
success
success
success
success
success
success
success
success
success
success
success
success
success
success
success
success
success
success
success
success
success
success
success
success
success
success
success
success
success
success
success
success
success
success
success
success
success
success
success
success
success
success
success
success
success
success
success
success
success
success
success
success
success
success
success
success
success
success
success
shortest distance 0 to 1 1.72401
shortest distance 0 to 2 0.901731
shortest distance 0 to 3 0.686825
shortest distance 0 to 4 0.624341
shortest distance 0 to 5 1.31668
shortest distance 0 to 6 1.36009
shortest distance 0 to 7 1.29558
shortest distance 0 to 8 0.981478
shortest distance 0 to 9 2.2355
shortest distance 0 to 10 1.44165
shortest distance 0 to 11 1.09879
shortest distance 0 to 12 0.844345
shortest distance 0 to 13 2.06175
shortest distance 0 to 14 0.870468
shortest distance 0 to 15 1.44154
shortest distance 0 to 16 1.57961
shortest distance 0 to 17 1.43292
shortest distance 0 to 18 0.378203
shortest distance 0 to 19 1.00375
shortest distance 0 to 20 1.66832
shortest distance 0 to 21 1.31994
shortest distance 0 to 22 0.818789
shortest distance 0 to 23 1.28173
shortest distance 0 to 24 2.12989
shortest distance 0 to 25 0.958083
shortest distance 0 to 26 1.01099
shortest distance 0 to 27 1.80238
shortest distance 0 to 28 0.850293
shortest distance 0 to 29 1.6274
shortest distance 0 to 30 1.51172
shortest distance 0 to 31 1.21917
shortest distance 0 to 32 1.02982
shortest distance 0 to 33 0.921907
shortest distance 0 to 34 1.31057
shortest distance 0 to 35 1.49785
shortest distance 0 to 36 1.22706
shortest distance 0 to 37 0.200627
shortest distance 0 to 38 1.19668
shortest distance 0 to 39 0.417833
shortest distance 0 to 40 0.221135
shortest distance 0 to 41 0.941468
shortest distance 0 to 42 1.01013
shortest distance 0 to 43 1.71665
shortest distance 0 to 44 0.7882
shortest distance 0 to 45 2.02542
shortest distance 0 to 46 0.772855
failure
shortest distance 0 to 48 1.65233
shortest distance 0 to 49 0.693047
shortest distance 0 to 50 1.214
shortest distance 0 to 51 1.53302
shortest distance 0 to 52 1.76086
shortest distance 0 to 53 1.38178
shortest distance 0 to 54 0.632497
shortest distance 0 to 55 1.23036
shortest distance 0 to 56 0.793422
shortest distance 0 to 57 1.41446
shortest distance 0 to 58 1.53558
shortest distance 0 to 59 0.719101
shortest distance 0 to 60 1.35335
failure
shortest distance 0 to 62 0.850405
shortest distance 0 to 63 0.840397
shortest distance 0 to 64 1.5307
shortest distance 0 to 65 1.14713
shortest distance 0 to 66 1.87497
shortest distance 0 to 67 1.10811
shortest distance 0 to 68 2.60993
shortest distance 0 to 69 1.47191
shortest distance 0 to 70 1.01948
shortest distance 0 to 71 0.76282
shortest distance 0 to 72 1.75785
shortest distance 0 to 73 2.74415
shortest distance 0 to 74 1.35067
shortest distance 0 to 75 0.984734
shortest distance 0 to 76 1.0598
shortest distance 0 to 77 3.01871
shortest distance 0 to 78 0.402289
shortest distance 0 to 79 1.99836
shortest distance 0 to 80 1.56598
shortest distance 0 to 81 0.29637
shortest distance 0 to 82 1.08985
shortest distance 0 to 83 1.08672
shortest distance 0 to 84 0.847656
shortest distance 0 to 85 1.112
shortest distance 0 to 86 1.99169
shortest distance 0 to 87 1.74629
shortest distance 0 to 88 0.794296
shortest distance 0 to 89 1.40709
shortest distance 0 to 90 1.86971
shortest distance 0 to 91 0.918428
shortest distance 0 to 92 1.06814
shortest distance 0 to 93 2.03331
shortest distance 0 to 94 0.263776
shortest distance 0 to 95 1.45321
shortest distance 0 to 96 0.520533
shortest distance 0 to 97 1.361
shortest distance 0 to 98 1.42066
shortest distance 0 to 99 0.0479933
shortest distance 0 to 100 0.917346
shortest distance 0 to 101 0.874915
shortest distance 0 to 102 0.410566
shortest distance 0 to 103 1.7576
shortest distance 0 to 104 1.43343
shortest distance 0 to 105 0.647108
shortest distance 0 to 106 0.903502
shortest distance 0 to 107 1.01249
shortest distance 0 to 108 0.543883
shortest distance 0 to 109 0.522405
shortest distance 0 to 110 1.02297
shortest distance 0 to 111 1.71833
shortest distance 0 to 112 0.674337
failure
shortest distance 0 to 114 1.32242
shortest distance 0 to 115 2.34556
failure
shortest distance 0 to 117 2.20424
shortest distance 0 to 118 1.07208
shortest distance 0 to 119 1.26382
shortest distance 0 to 120 1.04649
shortest distance 0 to 121 0.844257
shortest distance 0 to 122 1.62964
shortest distance 0 to 123 1.47977
shortest distance 0 to 124 0.848256
shortest distance 0 to 125 1.36759
shortest distance 0 to 126 1.06477
shortest distance 0 to 127 0.237255
shortest distance 0 to 128 0.980488
shortest distance 0 to 129 0.864398
shortest distance 0 to 130 1.36456
failure
shortest distance 0 to 132 0.951253
shortest distance 0 to 133 0.814453
shortest distance 0 to 134 1.02243
shortest distance 0 to 135 0.9856
shortest distance 0 to 136 0.706526
shortest distance 0 to 137 0.769895
shortest distance 0 to 138 0.849905
shortest distance 0 to 139 2.29254
shortest distance 0 to 140 1.39973
shortest distance 0 to 141 1.47284
shortest distance 0 to 142 0.838636
shortest distance 0 to 143 0.275357
shortest distance 0 to 144 0.84171
shortest distance 0 to 145 1.02069
shortest distance 0 to 146 1.33701
shortest distance 0 to 147 1.7876
shortest distance 0 to 148 1.34038
shortest distance 0 to 149 1.59171
shortest distance 0 to 150 1.12768
shortest distance 0 to 151 1.61945
shortest distance 0 to 152 1.47514
shortest distance 0 to 153 0.946091
shortest distance 0 to 154 0.93147
shortest distance 0 to 155 1.28017
shortest distance 0 to 156 0.754323
shortest distance 0 to 157 1.14771
shortest distance 0 to 158 0.463754
shortest distance 0 to 159 1.58086
shortest distance 0 to 160 0.667411
shortest distance 0 to 161 0.780043
shortest distance 0 to 162 0.888153
shortest distance 0 to 163 1.56052
shortest distance 0 to 164 0.820661
shortest distance 0 to 165 0.496095
shortest distance 0 to 166 0.838397
shortest distance 0 to 167 0.818607
shortest distance 0 to 168 0.837157
shortest distance 0 to 169 0.177553
shortest distance 0 to 170 0.743532
shortest distance 0 to 171 1.40962
shortest distance 0 to 172 0.889813
shortest distance 0 to 173 0.346147
shortest distance 0 to 174 1.88845
shortest distance 0 to 175 1.24122
shortest distance 0 to 176 1.16559
shortest distance 0 to 177 1.18579
shortest distance 0 to 178 0.542939
shortest distance 0 to 179 0.870779
shortest distance 0 to 180 0.788912
shortest distance 0 to 181 1.32741
shortest distance 0 to 182 1.5037
shortest distance 0 to 183 0.131844
shortest distance 0 to 184 1.20961
shortest distance 0 to 185 1.45739
shortest distance 0 to 186 1.04825
shortest distance 0 to 187 1.05257
shortest distance 0 to 188 1.03952
shortest distance 0 to 189 0.257165
shortest distance 0 to 190 0.698661
shortest distance 0 to 191 0.573702
shortest distance 0 to 192 0.840477
shortest distance 0 to 193 3.6299
shortest distance 0 to 194 0.624905
shortest distance 0 to 195 0.347644
shortest distance 0 to 196 0.962482
shortest distance 0 to 197 1.7894
shortest distance 0 to 198 0.970609
shortest distance 0 to 199 1.50849
shortest distance 1 to 0 1.69618
shortest distance 1 to 2 0.949724
shortest distance 1 to 3 0.734818
shortest distance 1 to 4 1.52294
shortest distance 1 to 5 1.68197
