success
success
success
success
success
success
success
success
success
success
success
success
success
success
success
shortest distance city0 to city4 10
city0 city2 city4
