success
success
success
success
success
success
success
success
success
success
success
shortest distance city5 to city0 6
city0 city1 city3 city5
shortest distance city3 to city4 14
city4 city2 city5 city3
