success
success
success
success
success
success
success
success
success
success
success
success
success
success
success
shortest distance city1 to city2 15
city1 city3 city4 city5 city6 city7 city2
success
shortest distance city1 to city2 15.1
city1 city2
success
not found
