success
success
success
success
success
success
success
success
success
success
success
success
success
success
success
success
success
success
success
success
success
success
success
success
success
success
success
success
success
success
success
success
success
success
success
success
success
success
success
success
success
success
success
success
success
success
success
success
success
success
success
shortest distance 0 to 1 1
shortest distance 0 to 2 5
shortest distance 0 to 3 7
shortest distance 0 to 4 6
shortest distance 0 to 5 13
shortest distance 0 to 6 9
shortest distance 0 to 7 5
shortest distance 0 to 8 12
shortest distance 0 to 9 14
shortest distance 0 to 10 12
shortest distance 0 to 11 6
shortest distance 0 to 12 13
shortest distance 0 to 13 16
shortest distance 0 to 14 6
shortest distance 0 to 15 11
shortest distance 0 to 16 16
shortest distance 0 to 17 12
0 1
0 2
0 2 3
0 4
0 2 5
0 2 6
0 7
0 7 8
0 2 6 9
0 2 6 10
0 7 11
0 7 11 12
0 2 3 17 13
0 14
0 7 11 15
0 7 11 15 16
0 2 3 17
shortest distance 1 to 2 6
shortest distance 1 to 3 8
shortest distance 1 to 4 7
shortest distance 1 to 5 14
shortest distance 1 to 6 10
shortest distance 1 to 7 6
shortest distance 1 to 8 13
shortest distance 1 to 9 15
shortest distance 1 to 10 13
shortest distance 1 to 11 7
shortest distance 1 to 12 14
shortest distance 1 to 13 17
shortest distance 1 to 14 7
shortest distance 1 to 15 12
shortest distance 1 to 16 17
shortest distance 1 to 17 13
1 0 2
1 0 2 3
1 0 4
1 0 2 5
1 0 2 6
1 0 7
1 0 7 8
1 0 2 6 9
1 0 2 6 10
1 0 7 11
1 0 7 11 12
1 0 2 3 17 13
1 0 14
1 0 7 11 15
1 0 7 11 15 16
1 0 2 3 17
shortest distance 2 to 3 2
shortest distance 2 to 4 11
shortest distance 2 to 5 8
shortest distance 2 to 6 4
shortest distance 2 to 7 10
shortest distance 2 to 8 17
shortest distance 2 to 9 9
shortest distance 2 to 10 7
shortest distance 2 to 11 11
shortest distance 2 to 12 10
shortest distance 2 to 13 11
shortest distance 2 to 14 11
shortest distance 2 to 15 16
shortest distance 2 to 16 12
shortest distance 2 to 17 7
2 3
2 0 4
2 5
2 6
2 0 7
2 0 7 8
2 6 9
2 6 10
2 0 7 11
2 6 9 12
2 3 17 13
2 0 14
2 6 9 12 15
2 3 17 13 16
2 3 17
shortest distance 3 to 4 13
shortest distance 3 to 5 10
shortest distance 3 to 6 6
shortest distance 3 to 7 12
shortest distance 3 to 8 19
shortest distance 3 to 9 11
shortest distance 3 to 10 6
shortest distance 3 to 11 13
shortest distance 3 to 12 12
shortest distance 3 to 13 9
shortest distance 3 to 14 13
shortest distance 3 to 15 15
shortest distance 3 to 16 10
shortest distance 3 to 17 5
3 2 0 4
3 2 5
3 2 6
3 2 0 7
3 2 0 7 8
3 2 6 9
3 10
3 2 0 7 11
3 2 6 9 12
3 17 13
3 2 0 14
3 17 13 16 15
3 17 13 16
3 17
shortest distance 4 to 5 16
shortest distance 4 to 6 15
shortest distance 4 to 7 3
shortest distance 4 to 8 10
shortest distance 4 to 9 12
shortest distance 4 to 10 18
shortest distance 4 to 11 4
shortest distance 4 to 12 11
shortest distance 4 to 13 15
shortest distance 4 to 14 12
shortest distance 4 to 15 9
shortest distance 4 to 16 14
shortest distance 4 to 17 18
4 7 11 12 9 5
4 0 2 6
4 7
4 7 8
4 7 11 12 9
4 0 2 6 10
4 7 11
4 7 11 12
4 7 11 12 13
4 7 14
4 7 11 15
4 7 11 15 16
4 0 2 3 17
shortest distance 5 to 6 5
shortest distance 5 to 7 13
shortest distance 5 to 8 18
shortest distance 5 to 9 4
shortest distance 5 to 10 8
shortest distance 5 to 11 12
shortest distance 5 to 12 5
shortest distance 5 to 13 8
shortest distance 5 to 14 19
shortest distance 5 to 15 11
shortest distance 5 to 16 9
shortest distance 5 to 17 10
5 6
5 9 12 11 7
5 9 12 11 8
5 9
5 6 10
5 9 12 11
5 9 12
5 9 13
5 2 0 14
5 9 12 15
5 9 13 16
5 6 10 17
shortest distance 6 to 7 14
shortest distance 6 to 8 19
shortest distance 6 to 9 5
shortest distance 6 to 10 3
shortest distance 6 to 11 13
shortest distance 6 to 12 6
shortest distance 6 to 13 9
shortest distance 6 to 14 15
shortest distance 6 to 15 12
shortest distance 6 to 16 10
shortest distance 6 to 17 5
6 2 0 7
6 9 12 11 8
6 9
6 10
6 9 12 11
6 9 12
6 10 17 13
6 2 0 14
6 9 12 15
6 10 17 13 16
6 10 17
shortest distance 7 to 8 7
shortest distance 7 to 9 9
shortest distance 7 to 10 17
shortest distance 7 to 11 1
shortest distance 7 to 12 8
shortest distance 7 to 13 12
shortest distance 7 to 14 9
shortest distance 7 to 15 6
shortest distance 7 to 16 11
shortest distance 7 to 17 16
7 8
7 11 12 9
7 11 12 9 6 10
7 11
7 11 12
7 11 12 13
7 14
7 11 15
7 11 15 16
7 11 12 13 17
shortest distance 8 to 9 14
shortest distance 8 to 10 22
shortest distance 8 to 11 6
shortest distance 8 to 12 13
shortest distance 8 to 13 17
shortest distance 8 to 14 15
shortest distance 8 to 15 11
shortest distance 8 to 16 16
shortest distance 8 to 17 21
8 11 12 9
8 11 12 9 6 10
8 11
8 11 12
8 11 12 13
8 11 14
8 11 15
8 11 15 16
8 11 12 13 17
shortest distance 9 to 10 8
shortest distance 9 to 11 8
shortest distance 9 to 12 1
shortest distance 9 to 13 4
shortest distance 9 to 14 17
shortest distance 9 to 15 7
shortest distance 9 to 16 5
shortest distance 9 to 17 8
9 6 10
9 12 11
9 12
9 13
9 12 11 14
9 12 15
9 13 16
9 13 17
shortest distance 10 to 11 16
shortest distance 10 to 12 9
shortest distance 10 to 13 6
shortest distance 10 to 14 18
shortest distance 10 to 15 12
shortest distance 10 to 16 7
shortest distance 10 to 17 2
10 6 9 12 11
10 6 9 12
10 17 13
10 6 2 0 14
10 17 13 16 15
10 17 13 16
10 17
shortest distance 11 to 12 7
shortest distance 11 to 13 11
shortest distance 11 to 14 9
shortest distance 11 to 15 5
shortest distance 11 to 16 10
shortest distance 11 to 17 15
11 12
11 12 13
11 14
11 15
11 15 16
11 12 13 17
shortest distance 12 to 13 4
shortest distance 12 to 14 16
shortest distance 12 to 15 6
shortest distance 12 to 16 5
shortest distance 12 to 17 8
12 13
12 11 14
12 15
12 16
12 13 17
shortest distance 13 to 14 20
shortest distance 13 to 15 6
shortest distance 13 to 16 1
shortest distance 13 to 17 4
13 12 11 14
13 16 15
13 16
13 17
shortest distance 14 to 15 14
shortest distance 14 to 16 19
shortest distance 14 to 17 18
14 11 15
14 11 15 16
14 0 2 3 17
shortest distance 15 to 16 5
shortest distance 15 to 17 10
15 16
15 16 13 17
shortest distance 16 to 17 5
16 13 17