success
failure
failure
failure
failure
success
failure
failure
not found
failure
failure
failure
failure
success
success
failure
failure
failure
failure
failure
success
