success
success
success
success
not connected
success
success
mst 9
edge count is 5
