success
success
success
success
success
success
success
success
success
success
success
success
success
success
success
success
success
success
mst 22
edge count is 16
success
not connected
degree of 4 is 5
