success
success
failure
success
success
success
success
success
success
success
success
success
success
success
success
degree of 3 is 3
degree of 0 is 2
degree of 9 is 1
edge count is 13
mst 66.3
success
mst 70.8
success
not connected
