success
success
success
edge count is 2
degree of 1 is 2
degree of 0 is 1
success
edge count is 1
success
success
edge count is 3
degree of 3 is 2
mst 47
